// 重构日志: 174a468d
// 同步 ID: abec3690 @ Tue Jul 14 17:35:29 UTC 2026
// 重构日志: f8e5f6a7
// 重构日志: cff683ba
// 重构日志: 29946691
// 重构日志: 55171931
// 同步 ID: 602081fb @ Sat Jul 25 21:09:09 UTC 2026
// 重构日志: 233eff2f
// 重构日志: a2c047bf
// 同步 ID: a0b0338c @ Wed Jul 29 10:00:44 UTC 2026
// 重构日志: 9c76d45e
// 重构日志: ee690f2d
// 重构日志: 536903ec
// 重构日志: 00423544
// 同步 ID: 95f66e5f @ Sat Aug  1 15:01:14 UTC 2026
// 同步 ID: 32ad34f8 @ Sun Aug  2 04:18:44 UTC 2026
// 重构日志: 56c0bdb4
// 重构日志: d06c25f0
// 重构日志: fd7a328e
// 重构日志: eb22e899
// 同步 ID: 75985176 @ Tue Aug  4 12:40:03 UTC 2026
// 重构日志: d0ba144e
// 重构日志: bd03aff6
// 重构日志: 24eceb6b
// 重构日志: 07e33607
// 重构日志: 28ebb2c7
// 重构日志: 5a00d661
// 同步 ID: cc2f17cf @ Sat Aug  8 05:04:43 UTC 2026
// 重构日志: b04740f9
// 同步 ID: 6ddd62ce @ Sat Aug  8 10:38:11 UTC 2026
